<html>
<body>
<pre>
<h1>µVision Build Log</h1>
<h2>Project:</h2>
N:\SE350Lab\ourProject\SE350\manual_code\Context_Switching_UART\context_switching.uvproj
Project File Date:  03/01/2016

<h2>Output:</h2>
Build target 'Context Switching SIM'
compiling uart_irq.c...
compiling k_rtx_init.c...
compiling k_message.c...
compiling usr_proc_complex.c...
linking...
Program Size: Code=9796 RO-data=388 RW-data=104 ZI-data=1152  
"context_switching.axf" - 0 Error(s), 0 Warning(s).
Build target 'Context Switching SIM'
compiling usr_proc_null_process_test_suite.c...
src\usr_proc_null_process_test_suite.c(35): warning:  #550-D: variable "memory_block" was set but never used
src\usr_proc_null_process_test_suite.c(36): warning:  #550-D: variable "memory_block2" was set but never used
linking...
Program Size: Code=9184 RO-data=388 RW-data=92 ZI-data=980  
"context_switching.axf" - 0 Error(s), 2 Warning(s).
Build target 'Context Switching SIM'
compiling k_memory.c...
linking...
Program Size: Code=9184 RO-data=388 RW-data=92 ZI-data=980  
"context_switching.axf" - 0 Error(s), 0 Warning(s).
Rebuild target 'Context Switching SIM'
assembling startup_LPC17xx.s...
compiling system_LPC17xx.c...
compiling uart_polling.c...
compiling printf.c...
compiling main_svc.c...
compiling uart_irq.c...
compiling k_queue.c...
compiling k_stack.c...
compiling HAL.c...
compiling k_rtx_init.c...
compiling k_memory.c...
compiling k_process.c...
compiling sys_proc.c...
compiling k_message.c...
compiling k_msg_queue.c...
compiling timer.c...
compiling usr_proc_null_process_test_suite.c...
src\usr_proc_null_process_test_suite.c(35): warning:  #550-D: variable "memory_block" was set but never used
src\usr_proc_null_process_test_suite.c(36): warning:  #550-D: variable "memory_block2" was set but never used
linking...
Program Size: Code=9184 RO-data=388 RW-data=92 ZI-data=980  
"context_switching.axf" - 0 Error(s), 2 Warning(s).
Rebuild target 'Context Switching SIM'
assembling startup_LPC17xx.s...
compiling system_LPC17xx.c...
compiling uart_polling.c...
compiling printf.c...
compiling main_svc.c...
compiling uart_irq.c...
compiling k_queue.c...
compiling k_stack.c...
compiling HAL.c...
compiling k_rtx_init.c...
compiling k_memory.c...
compiling k_process.c...
compiling sys_proc.c...
compiling k_message.c...
compiling k_msg_queue.c...
compiling timer.c...
compiling usr_proc_null_process_test_suite.c...
src\usr_proc_null_process_test_suite.c(35): warning:  #550-D: variable "memory_block" was set but never used
src\usr_proc_null_process_test_suite.c(36): warning:  #550-D: variable "memory_block2" was set but never used
linking...
Program Size: Code=9184 RO-data=388 RW-data=92 ZI-data=980  
"context_switching.axf" - 0 Error(s), 2 Warning(s).
Rebuild target 'Context Switching SIM'
assembling startup_LPC17xx.s...
compiling system_LPC17xx.c...
compiling uart_polling.c...
compiling printf.c...
compiling main_svc.c...
compiling uart_irq.c...
compiling k_queue.c...
compiling k_stack.c...
compiling HAL.c...
compiling k_rtx_init.c...
compiling k_memory.c...
compiling k_process.c...
compiling sys_proc.c...
compiling k_message.c...
compiling k_msg_queue.c...
compiling timer.c...
compiling usr_proc_null_process_test_suite.c...
src\usr_proc_null_process_test_suite.c(35): warning:  #550-D: variable "memory_block" was set but never used
src\usr_proc_null_process_test_suite.c(36): warning:  #550-D: variable "memory_block2" was set but never used
linking...
Program Size: Code=9196 RO-data=388 RW-data=92 ZI-data=980  
"context_switching.axf" - 0 Error(s), 2 Warning(s).
Rebuild target 'Context Switching SIM'
assembling startup_LPC17xx.s...
compiling system_LPC17xx.c...
compiling uart_polling.c...
compiling printf.c...
compiling main_svc.c...
compiling uart_irq.c...
compiling k_queue.c...
compiling k_stack.c...
compiling HAL.c...
compiling k_rtx_init.c...
compiling k_memory.c...
compiling k_process.c...
compiling sys_proc.c...
compiling k_message.c...
compiling k_msg_queue.c...
compiling timer.c...
compiling usr_proc_A.c...
linking...
Program Size: Code=9440 RO-data=388 RW-data=92 ZI-data=980  
"context_switching.axf" - 0 Error(s), 0 Warning(s).
Rebuild target 'Context Switching SIM'
assembling startup_LPC17xx.s...
compiling system_LPC17xx.c...
compiling uart_polling.c...
compiling printf.c...
compiling main_svc.c...
compiling uart_irq.c...
compiling k_queue.c...
compiling k_stack.c...
compiling HAL.c...
compiling k_rtx_init.c...
compiling k_memory.c...
compiling k_process.c...
compiling sys_proc.c...
compiling k_message.c...
compiling k_msg_queue.c...
compiling timer.c...
compiling usr_proc_B.c...
src\usr_proc_B.c(152): warning:  #111-D: statement is unreachable
linking...
Program Size: Code=9508 RO-data=388 RW-data=100 ZI-data=980  
"context_switching.axf" - 0 Error(s), 1 Warning(s).
Rebuild target 'Context Switching SIM'
assembling startup_LPC17xx.s...
compiling system_LPC17xx.c...
compiling uart_polling.c...
compiling printf.c...
compiling main_svc.c...
compiling uart_irq.c...
compiling k_queue.c...
compiling k_stack.c...
compiling HAL.c...
compiling k_rtx_init.c...
compiling k_memory.c...
compiling k_process.c...
compiling sys_proc.c...
compiling k_message.c...
compiling k_msg_queue.c...
compiling timer.c...
compiling usr_proc_B.c...
src\usr_proc_B.c(152): warning:  #111-D: statement is unreachable
linking...
Program Size: Code=9508 RO-data=388 RW-data=100 ZI-data=980  
"context_switching.axf" - 0 Error(s), 1 Warning(s).
Build target 'Context Switching SIM'
compiling usr_proc_B.c...
linking...
Program Size: Code=9428 RO-data=388 RW-data=92 ZI-data=980  
"context_switching.axf" - 0 Error(s), 0 Warning(s).
Rebuild target 'Context Switching SIM'
assembling startup_LPC17xx.s...
compiling system_LPC17xx.c...
compiling uart_polling.c...
compiling printf.c...
compiling main_svc.c...
compiling uart_irq.c...
compiling k_queue.c...
compiling k_stack.c...
compiling HAL.c...
compiling k_rtx_init.c...
compiling k_memory.c...
compiling k_process.c...
compiling sys_proc.c...
compiling k_message.c...
compiling k_msg_queue.c...
compiling timer.c...
compiling usr_proc_B.c...
linking...
Program Size: Code=9428 RO-data=388 RW-data=92 ZI-data=980  
"context_switching.axf" - 0 Error(s), 0 Warning(s).
Rebuild target 'Context Switching SIM'
assembling startup_LPC17xx.s...
compiling system_LPC17xx.c...
compiling uart_polling.c...
compiling printf.c...
compiling main_svc.c...
compiling uart_irq.c...
compiling k_queue.c...
compiling k_stack.c...
compiling HAL.c...
compiling k_rtx_init.c...
compiling k_memory.c...
compiling k_process.c...
compiling sys_proc.c...
compiling k_message.c...
compiling k_msg_queue.c...
compiling timer.c...
compiling usr_proc.c...
linking...
Program Size: Code=9772 RO-data=388 RW-data=104 ZI-data=1152  
"context_switching.axf" - 0 Error(s), 0 Warning(s).
Build target 'Context Switching SIM'
compiling usr_proc_msg.c...
linking...
Program Size: Code=9764 RO-data=388 RW-data=104 ZI-data=1152  
"context_switching.axf" - 0 Error(s), 0 Warning(s).
Rebuild target 'Context Switching SIM'
assembling startup_LPC17xx.s...
compiling system_LPC17xx.c...
compiling uart_polling.c...
compiling printf.c...
compiling main_svc.c...
compiling uart_irq.c...
compiling k_queue.c...
compiling k_stack.c...
compiling HAL.c...
compiling k_rtx_init.c...
compiling k_memory.c...
compiling k_process.c...
compiling sys_proc.c...
compiling k_message.c...
compiling k_msg_queue.c...
compiling timer.c...
compiling usr_proc_msg.c...
linking...
Program Size: Code=9788 RO-data=388 RW-data=104 ZI-data=1152  
"context_switching.axf" - 0 Error(s), 0 Warning(s).
Build target 'Context Switching SIM'
compiling usr_proc_msg2.c...
linking...
Program Size: Code=9928 RO-data=388 RW-data=104 ZI-data=1152  
"context_switching.axf" - 0 Error(s), 0 Warning(s).
Rebuild target 'Context Switching SIM'
assembling startup_LPC17xx.s...
compiling system_LPC17xx.c...
compiling uart_polling.c...
compiling printf.c...
compiling main_svc.c...
compiling uart_irq.c...
compiling k_queue.c...
compiling k_stack.c...
compiling HAL.c...
compiling k_rtx_init.c...
compiling k_memory.c...
compiling k_process.c...
compiling sys_proc.c...
compiling k_message.c...
compiling k_msg_queue.c...
compiling timer.c...
compiling usr_proc_msg2.c...
src\usr_proc_msg2.c(75): error:  #513: a value of type "MSG_BUF *" cannot be assigned to an entity of type "MSG_BUF"
src\usr_proc_msg2.c(107): error:  #513: a value of type "MSG_BUF *" cannot be assigned to an entity of type "MSG_BUF"
src\usr_proc_msg2.c(123): error:  #513: a value of type "MSG_BUF *" cannot be assigned to an entity of type "MSG_BUF"
src\usr_proc_msg2.c(138): error:  #513: a value of type "MSG_BUF *" cannot be assigned to an entity of type "MSG_BUF"
Target not created
Rebuild target 'Context Switching SIM'
assembling startup_LPC17xx.s...
compiling system_LPC17xx.c...
compiling uart_polling.c...
compiling printf.c...
compiling main_svc.c...
compiling uart_irq.c...
compiling k_queue.c...
compiling k_stack.c...
compiling HAL.c...
compiling k_rtx_init.c...
compiling k_memory.c...
compiling k_process.c...
compiling sys_proc.c...
compiling k_message.c...
compiling k_msg_queue.c...
compiling timer.c...
compiling usr_proc_msg2.c...
linking...
Program Size: Code=10048 RO-data=388 RW-data=104 ZI-data=1152  
"context_switching.axf" - 0 Error(s), 0 Warning(s).
Rebuild target 'Context Switching SIM'
assembling startup_LPC17xx.s...
compiling system_LPC17xx.c...
compiling uart_polling.c...
compiling printf.c...
compiling main_svc.c...
compiling uart_irq.c...
compiling k_queue.c...
compiling k_stack.c...
compiling HAL.c...
compiling k_rtx_init.c...
compiling k_memory.c...
compiling k_process.c...
compiling sys_proc.c...
compiling k_message.c...
compiling k_msg_queue.c...
compiling timer.c...
compiling usr_proc_msg2.c...
linking...
Program Size: Code=10048 RO-data=388 RW-data=104 ZI-data=1152  
"context_switching.axf" - 0 Error(s), 0 Warning(s).
Rebuild target 'Context Switching SIM'
assembling startup_LPC17xx.s...
compiling system_LPC17xx.c...
compiling uart_polling.c...
compiling printf.c...
compiling main_svc.c...
compiling uart_irq.c...
compiling k_queue.c...
compiling k_stack.c...
compiling HAL.c...
compiling k_rtx_init.c...
compiling k_memory.c...
compiling k_process.c...
compiling sys_proc.c...
compiling k_message.c...
compiling k_msg_queue.c...
compiling timer.c...
compiling usr_proc_msg2.c...
linking...
Program Size: Code=10048 RO-data=388 RW-data=104 ZI-data=1152  
"context_switching.axf" - 0 Error(s), 0 Warning(s).
Rebuild target 'Context Switching SIM'
assembling startup_LPC17xx.s...
compiling system_LPC17xx.c...
compiling uart_polling.c...
compiling printf.c...
compiling main_svc.c...
compiling uart_irq.c...
compiling k_queue.c...
compiling k_stack.c...
compiling HAL.c...
compiling k_rtx_init.c...
compiling k_memory.c...
compiling k_process.c...
compiling sys_proc.c...
compiling k_message.c...
compiling k_msg_queue.c...
compiling timer.c...
compiling usr_proc_msg2.c...
linking...
Program Size: Code=10048 RO-data=388 RW-data=104 ZI-data=1152  
"context_switching.axf" - 0 Error(s), 0 Warning(s).
