<html>
<body>
<pre>
<h1>µVision Build Log</h1>
<h2>Project:</h2>
N:\SE350\manual_code\Context_Switching_UART\context_switching.uvproj
Project File Date:  03/06/2016

<h2>Output:</h2>
Rebuild target 'RAM'
assembling startup_LPC17xx.s...
compiling system_LPC17xx.c...
compiling uart_polling.c...
compiling printf.c...
compiling main_svc.c...
compiling uart_irq.c...
compiling k_queue.c...
compiling k_stack.c...
compiling HAL.c...
compiling k_rtx_init.c...
compiling k_memory.c...
compiling k_process.c...
compiling sys_proc.c...
compiling k_message.c...
compiling k_msg_queue.c...
compiling timer.c...
compiling defined_user_proc.c...
compiling usr_proc_kcd.c...
linking...
Program Size: Code=11932 RO-data=448 RW-data=88 ZI-data=2408  
"context_switching.axf" - 0 Error(s), 0 Warning(s).
Rebuild target 'RAM'
assembling startup_LPC17xx.s...
compiling system_LPC17xx.c...
compiling uart_polling.c...
compiling printf.c...
compiling main_svc.c...
compiling uart_irq.c...
compiling k_queue.c...
compiling k_stack.c...
compiling HAL.c...
compiling k_rtx_init.c...
compiling k_memory.c...
compiling k_process.c...
compiling sys_proc.c...
compiling k_message.c...
compiling k_msg_queue.c...
compiling timer.c...
compiling defined_user_proc.c...
compiling usr_proc_kcd.c...
linking...
Program Size: Code=11936 RO-data=448 RW-data=88 ZI-data=2408  
"context_switching.axf" - 0 Error(s), 0 Warning(s).
Rebuild target 'RAM'
assembling startup_LPC17xx.s...
compiling system_LPC17xx.c...
compiling uart_polling.c...
compiling printf.c...
compiling main_svc.c...
compiling uart_irq.c...
compiling k_queue.c...
compiling k_stack.c...
compiling HAL.c...
compiling k_rtx_init.c...
compiling k_memory.c...
compiling k_process.c...
compiling sys_proc.c...
compiling k_message.c...
compiling k_msg_queue.c...
compiling timer.c...
compiling defined_user_proc.c...
compiling usr_proc_kcd.c...
linking...
Program Size: Code=11936 RO-data=448 RW-data=88 ZI-data=2408  
"context_switching.axf" - 0 Error(s), 0 Warning(s).
Load "N:\\SE350\\manual_code\\Context_Switching_UART\\context_switching.AXF" 
No Algorithm found for: 10000000H - 100030B3H
Partial Erase Done (areas with no algorithms skipped!)
No Algorithm found for: 10000000H - 100030B3H
Partial Programming Done (areas with no algorithms skipped!)
Partial Verify OK (areas with no algorithms skipped!)
Rebuild target 'RAM'
assembling startup_LPC17xx.s...
compiling system_LPC17xx.c...
compiling uart_polling.c...
compiling printf.c...
compiling main_svc.c...
compiling uart_irq.c...
compiling k_queue.c...
compiling k_stack.c...
compiling HAL.c...
compiling k_rtx_init.c...
compiling k_memory.c...
compiling k_process.c...
compiling sys_proc.c...
compiling k_message.c...
compiling k_msg_queue.c...
compiling timer.c...
compiling defined_user_proc.c...
compiling usr_proc_kcd.c...
linking...
Program Size: Code=11936 RO-data=448 RW-data=88 ZI-data=2408  
"context_switching.axf" - 0 Error(s), 0 Warning(s).
Load "N:\\SE350\\manual_code\\Context_Switching_UART\\context_switching.AXF" 
No Algorithm found for: 10000000H - 100030B3H
Partial Erase Done (areas with no algorithms skipped!)
No Algorithm found for: 10000000H - 100030B3H
Partial Programming Done (areas with no algorithms skipped!)
Partial Verify OK (areas with no algorithms skipped!)
Rebuild target 'RAM'
assembling startup_LPC17xx.s...
compiling system_LPC17xx.c...
compiling uart_polling.c...
compiling printf.c...
compiling main_svc.c...
compiling uart_irq.c...
compiling k_queue.c...
compiling k_stack.c...
compiling HAL.c...
compiling k_rtx_init.c...
compiling k_memory.c...
compiling k_process.c...
compiling sys_proc.c...
compiling k_message.c...
compiling k_msg_queue.c...
compiling timer.c...
compiling defined_user_proc.c...
compiling usr_proc_kcd.c...
linking...
Program Size: Code=11940 RO-data=448 RW-data=88 ZI-data=2408  
"context_switching.axf" - 0 Error(s), 0 Warning(s).
Load "N:\\SE350\\manual_code\\Context_Switching_UART\\context_switching.AXF" 
No Algorithm found for: 10000000H - 100030B7H
Partial Erase Done (areas with no algorithms skipped!)
No Algorithm found for: 10000000H - 100030B7H
Partial Programming Done (areas with no algorithms skipped!)
Partial Verify OK (areas with no algorithms skipped!)
Rebuild target 'Context Switching SIM'
assembling startup_LPC17xx.s...
compiling system_LPC17xx.c...
compiling uart_polling.c...
compiling printf.c...
compiling main_svc.c...
compiling uart_irq.c...
compiling k_queue.c...
compiling k_stack.c...
compiling HAL.c...
compiling k_rtx_init.c...
compiling k_memory.c...
compiling k_process.c...
compiling sys_proc.c...
compiling k_message.c...
compiling k_msg_queue.c...
compiling timer.c...
compiling defined_user_proc.c...
compiling usr_proc_kcd.c...
compiling usr_proc_kcd2.c...
linking...
context_switching.axf: Error: L6200E: Symbol g_test_procs multiply defined (by usr_proc_kcd2.o and usr_proc_kcd.o).
context_switching.axf: Error: L6200E: Symbol set_test_procs multiply defined (by usr_proc_kcd2.o and usr_proc_kcd.o).
context_switching.axf: Error: L6200E: Symbol buffer multiply defined (by usr_proc_kcd2.o and usr_proc_kcd.o).
context_switching.axf: Error: L6200E: Symbol passedTests multiply defined (by usr_proc_kcd2.o and usr_proc_kcd.o).
context_switching.axf: Error: L6200E: Symbol failedTests multiply defined (by usr_proc_kcd2.o and usr_proc_kcd.o).
context_switching.axf: Error: L6200E: Symbol testsRun multiply defined (by usr_proc_kcd2.o and usr_proc_kcd.o).
context_switching.axf: Error: L6200E: Symbol proc6 multiply defined (by usr_proc_kcd2.o and usr_proc_kcd.o).
context_switching.axf: Error: L6200E: Symbol proc5 multiply defined (by usr_proc_kcd2.o and usr_proc_kcd.o).
context_switching.axf: Error: L6200E: Symbol proc4 multiply defined (by usr_proc_kcd2.o and usr_proc_kcd.o).
context_switching.axf: Error: L6200E: Symbol proc3 multiply defined (by usr_proc_kcd2.o and usr_proc_kcd.o).
context_switching.axf: Error: L6200E: Symbol proc2 multiply defined (by usr_proc_kcd2.o and usr_proc_kcd.o).
context_switching.axf: Error: L6200E: Symbol proc1 multiply defined (by usr_proc_kcd2.o and usr_proc_kcd.o).
context_switching.axf: Error: L6200E: Symbol printTest multiply defined (by usr_proc_kcd2.o and usr_proc_kcd.o).
context_switching.axf: Error: L6200E: Symbol checkTestEnd multiply defined (by usr_proc_kcd2.o and usr_proc_kcd.o).
Target not created
Rebuild target 'Context Switching SIM'
assembling startup_LPC17xx.s...
compiling system_LPC17xx.c...
compiling uart_polling.c...
compiling printf.c...
compiling main_svc.c...
compiling uart_irq.c...
compiling k_queue.c...
compiling k_stack.c...
compiling HAL.c...
compiling k_rtx_init.c...
compiling k_memory.c...
compiling k_process.c...
compiling sys_proc.c...
compiling k_message.c...
compiling k_msg_queue.c...
compiling timer.c...
compiling defined_user_proc.c...
compiling usr_proc_kcd.c...
linking...
Program Size: Code=11940 RO-data=468 RW-data=88 ZI-data=2408  
"context_switching.axf" - 0 Error(s), 0 Warning(s).
Rebuild target 'Context Switching SIM'
assembling startup_LPC17xx.s...
compiling system_LPC17xx.c...
compiling uart_polling.c...
compiling printf.c...
compiling main_svc.c...
compiling uart_irq.c...
compiling k_queue.c...
compiling k_stack.c...
compiling HAL.c...
compiling k_rtx_init.c...
compiling k_memory.c...
compiling k_process.c...
compiling sys_proc.c...
compiling k_message.c...
compiling k_msg_queue.c...
compiling timer.c...
compiling defined_user_proc.c...
compiling usr_proc_kcd.c...
linking...
Program Size: Code=11940 RO-data=468 RW-data=88 ZI-data=2408  
"context_switching.axf" - 0 Error(s), 0 Warning(s).
Rebuild target 'RAM'
assembling startup_LPC17xx.s...
compiling system_LPC17xx.c...
compiling uart_polling.c...
compiling printf.c...
compiling main_svc.c...
compiling uart_irq.c...
compiling k_queue.c...
compiling k_stack.c...
compiling HAL.c...
compiling k_rtx_init.c...
compiling k_memory.c...
compiling k_process.c...
compiling sys_proc.c...
compiling k_message.c...
compiling k_msg_queue.c...
compiling timer.c...
compiling defined_user_proc.c...
compiling usr_proc_kcd.c...
linking...
Program Size: Code=11940 RO-data=448 RW-data=88 ZI-data=2408  
"context_switching.axf" - 0 Error(s), 0 Warning(s).
Load "N:\\SE350\\manual_code\\Context_Switching_UART\\context_switching.AXF" 
No Algorithm found for: 10000000H - 100030B7H
Partial Erase Done (areas with no algorithms skipped!)
No Algorithm found for: 10000000H - 100030B7H
Partial Programming Done (areas with no algorithms skipped!)
Partial Verify OK (areas with no algorithms skipped!)
Rebuild target 'RAM'
assembling startup_LPC17xx.s...
compiling system_LPC17xx.c...
compiling uart_polling.c...
compiling printf.c...
compiling main_svc.c...
compiling uart_irq.c...
compiling k_queue.c...
compiling k_stack.c...
compiling HAL.c...
compiling k_rtx_init.c...
compiling k_memory.c...
compiling k_process.c...
compiling sys_proc.c...
compiling k_message.c...
compiling k_msg_queue.c...
compiling timer.c...
compiling defined_user_proc.c...
compiling usr_proc_kcd.c...
linking...
Program Size: Code=11924 RO-data=448 RW-data=88 ZI-data=2408  
"context_switching.axf" - 0 Error(s), 0 Warning(s).
Load "N:\\SE350\\manual_code\\Context_Switching_UART\\context_switching.AXF" 
No Algorithm found for: 10000000H - 100030A7H
Partial Erase Done (areas with no algorithms skipped!)
No Algorithm found for: 10000000H - 100030A7H
Partial Programming Done (areas with no algorithms skipped!)
Partial Verify OK (areas with no algorithms skipped!)
Rebuild target 'RAM'
assembling startup_LPC17xx.s...
compiling system_LPC17xx.c...
compiling uart_polling.c...
compiling printf.c...
compiling main_svc.c...
compiling uart_irq.c...
compiling k_queue.c...
compiling k_stack.c...
compiling HAL.c...
compiling k_rtx_init.c...
compiling k_memory.c...
compiling k_process.c...
compiling sys_proc.c...
compiling k_message.c...
compiling k_msg_queue.c...
compiling timer.c...
compiling defined_user_proc.c...
compiling usr_proc_kcd.c...
linking...
Program Size: Code=11924 RO-data=448 RW-data=88 ZI-data=2408  
"context_switching.axf" - 0 Error(s), 0 Warning(s).
Load "N:\\SE350\\manual_code\\Context_Switching_UART\\context_switching.AXF" 
No Algorithm found for: 10000000H - 100030A7H
Partial Erase Done (areas with no algorithms skipped!)
No Algorithm found for: 10000000H - 100030A7H
Partial Programming Done (areas with no algorithms skipped!)
Partial Verify OK (areas with no algorithms skipped!)
Rebuild target 'RAM'
assembling startup_LPC17xx.s...
compiling system_LPC17xx.c...
compiling uart_polling.c...
compiling printf.c...
compiling main_svc.c...
compiling uart_irq.c...
compiling k_queue.c...
compiling k_stack.c...
compiling HAL.c...
compiling k_rtx_init.c...
compiling k_memory.c...
compiling k_process.c...
compiling sys_proc.c...
compiling k_message.c...
compiling k_msg_queue.c...
compiling timer.c...
compiling defined_user_proc.c...
compiling usr_proc_kcd.c...
linking...
Program Size: Code=11944 RO-data=448 RW-data=88 ZI-data=3008  
"context_switching.axf" - 0 Error(s), 0 Warning(s).
Load "N:\\SE350\\manual_code\\Context_Switching_UART\\context_switching.AXF" 
No Algorithm found for: 10000000H - 100030BBH
Partial Erase Done (areas with no algorithms skipped!)
No Algorithm found for: 10000000H - 100030BBH
Partial Programming Done (areas with no algorithms skipped!)
Partial Verify OK (areas with no algorithms skipped!)
Rebuild target 'RAM'
assembling startup_LPC17xx.s...
compiling system_LPC17xx.c...
compiling uart_polling.c...
compiling printf.c...
compiling main_svc.c...
compiling uart_irq.c...
compiling k_queue.c...
compiling k_stack.c...
compiling HAL.c...
compiling k_rtx_init.c...
compiling k_memory.c...
compiling k_process.c...
compiling sys_proc.c...
compiling k_message.c...
compiling k_msg_queue.c...
compiling timer.c...
compiling defined_user_proc.c...
compiling usr_proc_kcd2.c...
linking...
Program Size: Code=12428 RO-data=448 RW-data=88 ZI-data=2888  
"context_switching.axf" - 0 Error(s), 0 Warning(s).
Load "N:\\SE350\\manual_code\\Context_Switching_UART\\context_switching.AXF" 
No Algorithm found for: 10000000H - 1000329FH
Partial Erase Done (areas with no algorithms skipped!)
No Algorithm found for: 10000000H - 1000329FH
Partial Programming Done (areas with no algorithms skipped!)
Partial Verify OK (areas with no algorithms skipped!)
Build target 'RAM'
compiling system_LPC17xx.c...
compiling uart_polling.c...
compiling printf.c...
compiling main_svc.c...
compiling uart_irq.c...
compiling k_queue.c...
compiling k_stack.c...
compiling HAL.c...
compiling k_rtx_init.c...
compiling k_memory.c...
compiling k_process.c...
compiling sys_proc.c...
compiling k_message.c...
compiling k_msg_queue.c...
compiling timer.c...
compiling defined_user_proc.c...
compiling usr_proc_kcd2.c...
linking...
Program Size: Code=9332 RO-data=236 RW-data=88 ZI-data=2888  
"context_switching.axf" - 0 Error(s), 0 Warning(s).
Load "N:\\SE350\\manual_code\\Context_Switching_UART\\context_switching.AXF" 
No Algorithm found for: 10000000H - 100025B3H
Partial Erase Done (areas with no algorithms skipped!)
No Algorithm found for: 10000000H - 100025B3H
Partial Programming Done (areas with no algorithms skipped!)
Partial Verify OK (areas with no algorithms skipped!)
Build target 'RAM'
compiling sys_proc.c...
linking...
Program Size: Code=9344 RO-data=236 RW-data=88 ZI-data=2888  
"context_switching.axf" - 0 Error(s), 0 Warning(s).
Load "N:\\SE350\\manual_code\\Context_Switching_UART\\context_switching.AXF" 
No Algorithm found for: 10000000H - 100025BFH
Partial Erase Done (areas with no algorithms skipped!)
No Algorithm found for: 10000000H - 100025BFH
Partial Programming Done (areas with no algorithms skipped!)
Partial Verify OK (areas with no algorithms skipped!)
Build target 'RAM'
compiling uart_irq.c...
compiling sys_proc.c...
compiling defined_user_proc.c...
linking...
Program Size: Code=9760 RO-data=236 RW-data=88 ZI-data=2888  
"context_switching.axf" - 0 Error(s), 0 Warning(s).
Load "N:\\SE350\\manual_code\\Context_Switching_UART\\context_switching.AXF" 
No Algorithm found for: 10000000H - 1000275FH
Partial Erase Done (areas with no algorithms skipped!)
No Algorithm found for: 10000000H - 1000275FH
Partial Programming Done (areas with no algorithms skipped!)
Partial Verify OK (areas with no algorithms skipped!)
Rebuild target 'RAM'
assembling startup_LPC17xx.s...
compiling system_LPC17xx.c...
compiling uart_polling.c...
compiling printf.c...
compiling main_svc.c...
compiling uart_irq.c...
compiling k_queue.c...
compiling k_stack.c...
compiling HAL.c...
compiling k_rtx_init.c...
compiling k_memory.c...
compiling k_process.c...
compiling sys_proc.c...
compiling k_message.c...
compiling k_msg_queue.c...
compiling timer.c...
compiling defined_user_proc.c...
compiling usr_proc_kcd2.c...
linking...
context_switching.axf: Error: L6218E: Undefined symbol g_switch_flag (referred from uart_irq.o).
Target not created
Load "N:\\SE350\\manual_code\\Context_Switching_UART\\context_switching.AXF" 
_____^
*** error 56: cannot open file
Build target 'RAM'
linking...
context_switching.axf: Error: L6218E: Undefined symbol g_switch_flag (referred from uart_irq.o).
Target not created
Build target 'RAM'
compiling k_process.c...
linking...
Program Size: Code=9748 RO-data=236 RW-data=88 ZI-data=2888  
"context_switching.axf" - 0 Error(s), 0 Warning(s).
Load "N:\\SE350\\manual_code\\Context_Switching_UART\\context_switching.AXF" 
No Algorithm found for: 10000000H - 10002753H
Partial Erase Done (areas with no algorithms skipped!)
No Algorithm found for: 10000000H - 10002753H
Partial Programming Done (areas with no algorithms skipped!)
Partial Verify OK (areas with no algorithms skipped!)
Build target 'RAM'
compiling main_svc.c...
compiling uart_irq.c...
compiling k_rtx_init.c...
compiling k_memory.c...
compiling k_process.c...
compiling sys_proc.c...
compiling k_message.c...
compiling timer.c...
compiling defined_user_proc.c...
src\defined_user_proc.c(54): error:  #137: expression must be a modifiable lvalue
src\defined_user_proc.c(85): error:  #136: struct "msgbuf" has no field "mdata"
src\defined_user_proc.c(86): warning:  #223-D: function "send" declared implicitly
src\defined_user_proc.c(107): error:  #136: struct "msgbuf" has no field "m_type"
src\defined_user_proc.c(108): warning:  #174-D: expression has no effect
src\defined_user_proc.c(109): error:  #65: expected a ";"
src\defined_user_proc.c(114): warning:  #128-D: loop is not reachable
src\defined_user_proc.c(37): warning:  #550-D: variable "offset" was set but never used
compiling usr_proc_kcd2.c...
Target not created
Build target 'RAM'
compiling defined_user_proc.c...
src\defined_user_proc.c(86): warning:  #223-D: function "send" declared implicitly
src\defined_user_proc.c(114): warning:  #128-D: loop is not reachable
src\defined_user_proc.c(37): warning:  #550-D: variable "offset" was set but never used
linking...
context_switching.axf: Error: L6218E: Undefined symbol send (referred from defined_user_proc.o).
Target not created
compiling defined_user_proc.c...
src\defined_user_proc.c(114): warning:  #128-D: loop is not reachable
src\defined_user_proc.c(37): warning:  #550-D: variable "offset" was set but never used
src\defined_user_proc.c - 0 Error(s), 2 Warning(s).
compiling defined_user_proc.c...
src\defined_user_proc.c(114): warning:  #128-D: loop is not reachable
src\defined_user_proc.c(37): warning:  #550-D: variable "offset" was set but never used
src\defined_user_proc.c - 0 Error(s), 2 Warning(s).
Build target 'RAM'
linking...
Program Size: Code=9928 RO-data=236 RW-data=88 ZI-data=2888  
"context_switching.axf" - 0 Error(s), 0 Warning(s).
Build target 'RAM'
linking...
Program Size: Code=9928 RO-data=236 RW-data=88 ZI-data=2888  
"context_switching.axf" - 0 Error(s), 0 Warning(s).
Rebuild target 'RAM'
assembling startup_LPC17xx.s...
compiling system_LPC17xx.c...
compiling uart_polling.c...
compiling printf.c...
compiling main_svc.c...
compiling uart_irq.c...
compiling k_queue.c...
compiling k_stack.c...
compiling HAL.c...
compiling k_rtx_init.c...
compiling k_memory.c...
compiling k_process.c...
compiling sys_proc.c...
compiling k_message.c...
compiling k_msg_queue.c...
compiling timer.c...
compiling defined_user_proc.c...
src\defined_user_proc.c(114): warning:  #128-D: loop is not reachable
src\defined_user_proc.c(37): warning:  #550-D: variable "offset" was set but never used
compiling usr_proc_kcd2.c...
linking...
Program Size: Code=9928 RO-data=236 RW-data=88 ZI-data=2888  
"context_switching.axf" - 0 Error(s), 2 Warning(s).
Build target 'RAM'
compiling defined_user_proc.c...
src\defined_user_proc.c(37): warning:  #550-D: variable "offset" was set but never used
linking...
Program Size: Code=9928 RO-data=236 RW-data=88 ZI-data=2888  
"context_switching.axf" - 0 Error(s), 1 Warning(s).
Load "N:\\SE350\\manual_code\\Context_Switching_UART\\context_switching.AXF" 
No Algorithm found for: 10000000H - 10002807H
Partial Erase Done (areas with no algorithms skipped!)
No Algorithm found for: 10000000H - 10002807H
Partial Programming Done (areas with no algorithms skipped!)
Partial Verify OK (areas with no algorithms skipped!)
Rebuild target 'RAM'
assembling startup_LPC17xx.s...
compiling system_LPC17xx.c...
compiling uart_polling.c...
compiling printf.c...
compiling main_svc.c...
compiling uart_irq.c...
compiling k_queue.c...
compiling k_stack.c...
compiling HAL.c...
compiling k_rtx_init.c...
compiling k_memory.c...
compiling k_process.c...
compiling sys_proc.c...
compiling k_message.c...
compiling k_msg_queue.c...
compiling timer.c...
compiling defined_user_proc.c...
compiling usr_proc_kcd2.c...
linking...
Program Size: Code=10108 RO-data=236 RW-data=88 ZI-data=2888  
"context_switching.axf" - 0 Error(s), 0 Warning(s).
Load "N:\\SE350\\manual_code\\Context_Switching_UART\\context_switching.AXF" 
No Algorithm found for: 10000000H - 100028BBH
Partial Erase Done (areas with no algorithms skipped!)
No Algorithm found for: 10000000H - 100028BBH
Partial Programming Done (areas with no algorithms skipped!)
Partial Verify OK (areas with no algorithms skipped!)
Rebuild target 'RAM'
assembling startup_LPC17xx.s...
compiling system_LPC17xx.c...
compiling uart_polling.c...
compiling printf.c...
compiling main_svc.c...
compiling uart_irq.c...
compiling k_queue.c...
compiling k_stack.c...
compiling HAL.c...
compiling k_rtx_init.c...
compiling k_memory.c...
compiling k_process.c...
compiling sys_proc.c...
compiling k_message.c...
compiling k_msg_queue.c...
compiling timer.c...
compiling defined_user_proc.c...
compiling usr_proc_kcd2.c...
linking...
Program Size: Code=10140 RO-data=236 RW-data=88 ZI-data=2888  
"context_switching.axf" - 0 Error(s), 0 Warning(s).
Load "N:\\SE350\\manual_code\\Context_Switching_UART\\context_switching.AXF" 
No Algorithm found for: 10000000H - 100028DBH
Partial Erase Done (areas with no algorithms skipped!)
No Algorithm found for: 10000000H - 100028DBH
Partial Programming Done (areas with no algorithms skipped!)
Partial Verify OK (areas with no algorithms skipped!)
Build target 'RAM'
compiling defined_user_proc.c...
linking...
Program Size: Code=10140 RO-data=236 RW-data=88 ZI-data=2888  
"context_switching.axf" - 0 Error(s), 0 Warning(s).
Load "N:\\SE350\\manual_code\\Context_Switching_UART\\context_switching.AXF" 
No Algorithm found for: 10000000H - 100028DBH
Partial Erase Done (areas with no algorithms skipped!)
No Algorithm found for: 10000000H - 100028DBH
Partial Programming Done (areas with no algorithms skipped!)
Partial Verify OK (areas with no algorithms skipped!)
Build target 'RAM'
compiling defined_user_proc.c...
linking...
Program Size: Code=10140 RO-data=236 RW-data=88 ZI-data=2888  
"context_switching.axf" - 0 Error(s), 0 Warning(s).
Load "N:\\SE350\\manual_code\\Context_Switching_UART\\context_switching.AXF" 
No Algorithm found for: 10000000H - 100028DBH
Partial Erase Done (areas with no algorithms skipped!)
No Algorithm found for: 10000000H - 100028DBH
Partial Programming Done (areas with no algorithms skipped!)
Partial Verify OK (areas with no algorithms skipped!)
Rebuild target 'RAM'
assembling startup_LPC17xx.s...
compiling system_LPC17xx.c...
compiling uart_polling.c...
compiling printf.c...
compiling main_svc.c...
compiling uart_irq.c...
compiling k_queue.c...
compiling k_stack.c...
compiling HAL.c...
compiling k_rtx_init.c...
compiling k_memory.c...
compiling k_process.c...
compiling sys_proc.c...
compiling k_message.c...
compiling k_msg_queue.c...
compiling timer.c...
compiling defined_user_proc.c...
compiling usr_proc_kcd2.c...
linking...
Program Size: Code=10140 RO-data=236 RW-data=88 ZI-data=2888  
"context_switching.axf" - 0 Error(s), 0 Warning(s).
Load "N:\\SE350\\manual_code\\Context_Switching_UART\\context_switching.AXF" 
No Algorithm found for: 10000000H - 100028DBH
Partial Erase Done (areas with no algorithms skipped!)
No Algorithm found for: 10000000H - 100028DBH
Partial Programming Done (areas with no algorithms skipped!)
Partial Verify OK (areas with no algorithms skipped!)
Build target 'RAM'
compiling defined_user_proc.c...
linking...
Program Size: Code=10196 RO-data=236 RW-data=88 ZI-data=2888  
"context_switching.axf" - 0 Error(s), 0 Warning(s).
Load "N:\\SE350\\manual_code\\Context_Switching_UART\\context_switching.AXF" 
No Algorithm found for: 10000000H - 10002913H
Partial Erase Done (areas with no algorithms skipped!)
No Algorithm found for: 10000000H - 10002913H
Partial Programming Done (areas with no algorithms skipped!)
Partial Verify OK (areas with no algorithms skipped!)
